registry debug:
stored and retrieved: 1

metatable debug:
debug.setmetatable(1) returns passed value
debug.getmetatable(1) returns nil
debug.setmetatable(test_table, metatable)
debug.getmetatable(test_table) == metatable
basic getmetatable() returns __metatable value

instruction count hook:
count	nil
count	nil
count	nil
count	nil
count	nil

hooks paused in hook:
1
2

get hook:
function	crl	0
function		1
nil
